
> dailyachievement@1.0.0 start
> expo start --tunnel

env: load .env.local
env: export EXPO_PUBLIC_GEMINI_API_KEY EXPO_PUBLIC_SUPABASE_URL EXPO_PUBLIC_SUPABASE_ANON_KEY
Starting project at C:\Users\mario\Documents\Midterms app\DailyAchievement\DailyAchievement

Expo Metro config:
- Version: 54.0.14
- Extensions: ts, tsx, mjs, js, jsx, json, cjs, scss, sass, css
- React Native: C:\Users\mario\Documents\Midterms app\DailyAchievement\DailyAchievement\node_modules\react-native
- Watch Folders: 
- Node Module Paths: 
- Sass: null
- Reanimated: 4.1.6
- Worklets: 0.5.1
- Babel Runtime: null

React Compiler enabled
Metro is running in CI mode, reloads are disabled. Remove CI=true to enable watch mode.
Starting Metro Bundler
Tunnel connected.
Tunnel ready.
Waiting on http://localhost:8081
Logs for your project will appear below.
