2026-03-31T10:58:17.101Z expo:telemetry Switching strategy from detached to instant
2026-03-31T10:58:17.254Z expo:telemetry Recording 1 event(s)
2026-03-31T10:58:17.281Z expo:env C:\Users\mario\Documents\Midterms app\DailyAchievement\DailyAchievement\.env does not exist, skipping this env file
2026-03-31T10:58:17.283Z expo:env C:\Users\mario\Documents\Midterms app\DailyAchievement\DailyAchievement\.env.development does not exist, skipping this env file
2026-03-31T10:58:17.288Z expo:env Loaded environment variables from: C:\Users\mario\Documents\Midterms app\DailyAchievement\DailyAchievement\.env.local
2026-03-31T10:58:17.289Z expo:env C:\Users\mario\Documents\Midterms app\DailyAchievement\DailyAchievement\.env.development.local does not exist, skipping this env file
2026-03-31T10:58:17.581Z expo:prebuild-config:expo-splash-screen:ios config: {
  image: './assets/images/splash-icon.png',
  imageWidth: 200,
  resizeMode: 'contain',
  backgroundColor: '#ffffff',
  dark: { backgroundColor: '#000000' }
}
2026-03-31T10:58:17.648Z expo:prebuild-config:expo-splash-screen:ios config: {
  image: './assets/images/splash-icon.png',
  imageWidth: 200,
  resizeMode: 'contain',
  backgroundColor: '#ffffff',
  dark: { backgroundColor: '#000000' }
}
2026-03-31T10:58:17.935Z expo:start:server:devServer Stopping dev server (bundler: metro)
2026-03-31T10:58:17.941Z expo:start:server:devServer Stopped dev server (bundler: metro)
2026-03-31T10:58:17.997Z expo:prebuild-config:expo-splash-screen:ios config: {
  image: './assets/images/splash-icon.png',
  imageWidth: 200,
  resizeMode: 'contain',
  backgroundColor: '#ffffff',
  dark: { backgroundColor: '#000000' }
}
2026-03-31T10:58:18.011Z expo:start:server:metro:router Using app as the root directory for Expo Router.
2026-03-31T10:58:18.902Z expo:metro:config react-native-reanimated package.json: C:\Users\mario\Documents\Midterms app\DailyAchievement\DailyAchievement\node_modules\react-native-reanimated\package.json
2026-03-31T10:58:18.914Z expo:metro:config react-native-worklets package.json: C:\Users\mario\Documents\Midterms app\DailyAchievement\DailyAchievement\node_modules\react-native-worklets\package.json
2026-03-31T10:58:19.280Z expo:metro:withMetroResolvers Appending 8 custom resolvers to Metro config. (has custom resolver: false)
2026-03-31T10:58:19.339Z expo:start:server:urlCreator URL: http://127.0.0.1:8081
2026-03-31T10:58:19.774Z expo:prebuild-config:expo-splash-screen:ios config: {
  image: './assets/images/splash-icon.png',
  imageWidth: 200,
  resizeMode: 'contain',
  backgroundColor: '#ffffff',
  dark: { backgroundColor: '#000000' }
}
2026-03-31T10:58:19.781Z expo:start:server:middleware:serveStatic Serving static files from: C:\Users\mario\Documents\Midterms app\DailyAchievement\DailyAchievement\public
2026-03-31T10:58:19.798Z expo:start:server:devServer [tunnel] connect to port: 8081
2026-03-31T10:58:19.966Z expo:start:platforms:android:adbReverse Failed to resolve the Android SDK path, skipping ADB: Failed to resolve the Android SDK path. Default install location not found: C:\Users\mario\AppData\Local\Android\Sdk. Use ANDROID_HOME to set the Android SDK location.
2026-03-31T10:58:19.972Z expo:start:server:ngrok Stopping Tunnel
2026-03-31T10:58:19.974Z expo:start:server:ngrok Global config path: C:\Users\mario\.expo\ngrok.yml
2026-03-31T10:58:19.985Z expo:start:server:ngrok Hostname: M7WTjFw-anonymous-8081.exp.direct
2026-03-31T10:58:24.115Z expo:start:server:ngrok Resetting project randomness: dXhzJ2g
2026-03-31T10:58:24.222Z expo:start:server:ngrok Stopping Tunnel
2026-03-31T10:58:24.228Z expo:start:server:ngrok Global config path: C:\Users\mario\.expo\ngrok.yml
2026-03-31T10:58:24.230Z expo:start:server:ngrok Hostname: dXhzJ2g-anonymous-8081.exp.direct
2026-03-31T10:58:26.675Z expo:start:server:ngrok Resetting project randomness: qaE6QRs
2026-03-31T10:58:26.786Z expo:start:server:ngrok Stopping Tunnel
2026-03-31T10:58:26.792Z expo:start:server:ngrok Global config path: C:\Users\mario\.expo\ngrok.yml
2026-03-31T10:58:26.795Z expo:start:server:ngrok Hostname: qaE6QRs-anonymous-8081.exp.direct
2026-03-31T10:58:29.574Z expo:start:server:ngrok Tunnel URL: https://qae6qrs-anonymous-8081.exp.direct
2026-03-31T10:58:29.577Z expo:start:server:urlCreator URL: exp://qae6qrs-anonymous-8081.exp.direct
2026-03-31T10:58:29.588Z expo:prebuild-config:expo-splash-screen:ios config: {
  image: './assets/images/splash-icon.png',
  imageWidth: 200,
  resizeMode: 'contain',
  backgroundColor: '#ffffff',
  dark: { backgroundColor: '#000000' }
}
2026-03-31T10:58:29.591Z expo:start:server:developmentSession This project will not be suggested in Expo Go or Dev Clients because Expo CLI is running in CI.
2026-03-31T10:58:29.595Z expo:start:server:metro:waitForTypescript Watching file changes: [
  'C:\\Users\\mario\\Documents\\Midterms app\\DailyAchievement\\DailyAchievement\\.env.development.local',
  'C:\\Users\\mario\\Documents\\Midterms app\\DailyAchievement\\DailyAchievement\\.env.local',
  'C:\\Users\\mario\\Documents\\Midterms app\\DailyAchievement\\DailyAchievement\\.env.development',
  'C:\\Users\\mario\\Documents\\Midterms app\\DailyAchievement\\DailyAchievement\\.env'
]
2026-03-31T10:58:29.596Z expo:doctor:typescriptSupport Ensuring TypeScript support is setup
2026-03-31T10:58:29.608Z expo:prebuild-config:expo-splash-screen:ios config: {
  image: './assets/images/splash-icon.png',
  imageWidth: 200,
  resizeMode: 'contain',
  backgroundColor: '#ffffff',
  dark: { backgroundColor: '#000000' }
}
2026-03-31T10:58:29.613Z expo:doctor:dependencies:getMissingPackages Required package "typescript" found (no version constraint specified).
2026-03-31T10:58:29.615Z expo:doctor:dependencies:getMissingPackages Required package "@types/react" found (no version constraint specified).
2026-03-31T10:58:29.626Z expo:prebuild-config:expo-splash-screen:ios config: {
  image: './assets/images/splash-icon.png',
  imageWidth: 200,
  resizeMode: 'contain',
  backgroundColor: '#ffffff',
  dark: { backgroundColor: '#000000' }
}
2026-03-31T10:58:29.641Z expo:typed-routes Ensuring typed routes side-effects are setup (experiments.typedRoutes: true, typesDirectory: C:\Users\mario\Documents\Midterms app\DailyAchievement\DailyAchievement\.expo\types)
2026-03-31T10:58:29.647Z expo:start:server:metro:router Using app as the root directory for Expo Router.
2026-03-31T10:58:29.662Z expo:start:server:metro:metroWatchTypeScriptFiles Waiting for TypeScript files to be added to the project...
2026-03-31T10:58:29.664Z expo:doctor:dependencies:bundledNativeModules Fetching bundled native modules from the server...
2026-03-31T10:58:30.308Z expo:doctor:dependencies:validate Checking dependencies for 54.0.0: {
  '@expo/vector-icons': '^15.0.3',
  '@react-native-async-storage/async-storage': '^3.0.1',
  '@react-navigation/bottom-tabs': '^7.4.0',
  '@react-navigation/elements': '^2.6.3',
  '@react-navigation/native': '^7.1.8',
  '@supabase/supabase-js': '^2.100.1',
  expo: '~54.0.33',
  'expo-constants': '~18.0.13',
  'expo-font': '~14.0.11',
  'expo-haptics': '~15.0.8',
  'expo-image': '~3.0.11',
  'expo-linking': '~8.0.11',
  'expo-notifications': '~0.32.16',
  'expo-router': '~6.0.23',
  'expo-splash-screen': '~31.0.13',
  'expo-status-bar': '~3.0.9',
  'expo-symbols': '~1.0.8',
  'expo-system-ui': '~6.0.9',
  'expo-web-browser': '~15.0.10',
  react: '19.1.0',
  'react-dom': '19.1.0',
  'react-native': '0.81.5',
  'react-native-gesture-handler': '~2.28.0',
  'react-native-reanimated': '~4.1.1',
  'react-native-safe-area-context': '~5.6.0',
  'react-native-screens': '~4.16.0',
  'react-native-url-polyfill': '^3.0.0',
  'react-native-web': '~0.21.0',
  'react-native-worklets': '0.5.1',
  '@expo/ngrok': '^4.1.3',
  '@types/react': '~19.1.0',
  eslint: '^9.25.0',
  'eslint-config-expo': '~10.0.0',
  typescript: '~5.9.2'
}
2026-03-31T10:58:30.315Z expo:doctor:dependencies:validate Comparing known versions: [
  '@expo/vector-icons',
  '@react-native-async-storage/async-storage',
  'expo',
  'expo-constants',
  'expo-font',
  'expo-haptics',
  'expo-image',
  'expo-linking',
  'expo-notifications',
  'expo-router',
  'expo-splash-screen',
  'expo-status-bar',
  'expo-symbols',
  'expo-system-ui',
  'expo-web-browser',
  'react',
  'react-dom',
  'react-native',
  'react-native-gesture-handler',
  'react-native-reanimated',
  'react-native-safe-area-context',
  'react-native-screens',
  'react-native-web',
  'react-native-worklets',
  '@types/react',
  'eslint-config-expo',
  'typescript'
]
2026-03-31T10:58:30.315Z expo:doctor:dependencies:validate Skipping packages that cannot be versioned automatically: [
  '@react-navigation/bottom-tabs',
  '@react-navigation/elements',
  '@react-navigation/native',
  '@supabase/supabase-js',
  'react-native-url-polyfill',
  '@expo/ngrok',
  'eslint'
]
2026-03-31T10:58:30.371Z expo:doctor:dependencies:validate Package versions: {
  '@expo/vector-icons': '15.1.1',
  '@react-native-async-storage/async-storage': '3.0.1',
  expo: '54.0.33',
  'expo-constants': '18.0.13',
  'expo-font': '14.0.11',
  'expo-haptics': '15.0.8',
  'expo-image': '3.0.11',
  'expo-linking': '8.0.11',
  'expo-notifications': '0.32.16',
  'expo-router': '6.0.23',
  'expo-splash-screen': '31.0.13',
  'expo-status-bar': '3.0.9',
  'expo-symbols': '1.0.8',
  'expo-system-ui': '6.0.9',
  'expo-web-browser': '15.0.10',
  react: '19.1.0',
  'react-dom': '19.1.0',
  'react-native': '0.81.5',
  'react-native-gesture-handler': '2.28.0',
  'react-native-reanimated': '4.1.6',
  'react-native-safe-area-context': '5.6.2',
  'react-native-screens': '4.16.0',
  'react-native-web': '0.21.2',
  'react-native-worklets': '0.5.1',
  '@types/react': '19.1.17',
  'eslint-config-expo': '10.0.0',
  typescript: '5.9.3'
}
2026-03-31T10:58:30.380Z expo:doctor:dependencies:validate Incorrect dependencies: [
  {
    packageName: '@react-native-async-storage/async-storage',
    packageType: 'dependencies',
    expectedVersionOrRange: '2.2.0',
    actualVersion: '3.0.1'
  }
]
The following packages should be updated for best compatibility with the installed expo version:
  @react-native-async-storage/async-storage@3.0.1 - expected version: 2.2.0
Your project may not work correctly until you install the expected versions of the packages.
